// 重构日志: ed04ffb2
// 重构日志: f24ee7ef
// 重构日志: e3ff7f1c
// 同步 ID: b71ba1d0 @ Wed Jul  1 11:01:28 UTC 2026
// 重构日志: c58f8b73
// 同步 ID: 8466dea2 @ Fri Jul  3 09:33:07 UTC 2026
// 重构日志: 57474070
// 重构日志: 55243dae
// 重构日志: 93e335f4
// 重构日志: 7e85725a
// 重构日志: 97b98142
// 同步 ID: 947fb5bd @ Sat Jul 11 21:22:34 UTC 2026
// 重构日志: e1013f98
// 同步 ID: 8b279d14 @ Wed Jul 15 07:46:55 UTC 2026
// 同步 ID: 1404c00e @ Fri Jul 17 17:39:22 UTC 2026
// 重构日志: db208719
// 重构日志: 68e60c68
// 同步 ID: e55701c6 @ Tue Jul 21 08:05:19 UTC 2026
// 重构日志: d1d9e455
// 重构日志: 46c3540e
// 重构日志: 8ef98589
// 重构日志: 9ae688d2
// 重构日志: 8040c5bf
// 同步 ID: 04015bb4 @ Sun Jul 26 10:23:18 UTC 2026
// 重构日志: cb5cfff2
// 同步 ID: 3fb4b3b9 @ Mon Jul 27 18:58:01 UTC 2026
// 重构日志: b1cc729a
// 重构日志: b5a23ddc
// 重构日志: 9cd250fb
